// Jest Snapshot v1, https://goo.gl/fbAQLP

exports[`Data Loader expects meta schema to remain the same 1`] = `
Object {
  "types": Array [
    Object {
      "container": "Dummies",
      "cosmos": true,
      "database": "Test",
      "external": false,
      "fields": Array [
        Object {
          "container": null,
          "cosmos": false,
          "database": null,
          "fieldname": "id",
          "ours": null,
          "pagination": false,
          "returnMany": false,
          "returnTypename": "ID",
          "sortOurs": null,
          "sortable": false,
          "theirs": null,
          "whereOps": Array [
            "eq",
            "in",
          ],
          "whereOurs": null,
        },
        Object {
          "container": "Relations",
          "cosmos": true,
          "database": "Test",
          "fieldname": "related",
          "ours": "relatedId",
          "pagination": false,
          "returnMany": false,
          "returnTypename": "Related",
          "sortOurs": null,
          "sortable": false,
          "theirs": null,
          "whereOps": Array [],
          "whereOurs": null,
        },
      ],
      "filterable": true,
      "sortable": false,
      "typename": "Dummy",
    },
    Object {
      "container": null,
      "cosmos": false,
      "database": null,
      "external": false,
      "fields": Array [
        Object {
          "container": "Dummies",
          "cosmos": true,
          "database": "Test",
          "fieldname": "dummies",
          "ours": null,
          "pagination": true,
          "returnMany": true,
          "returnTypename": "Dummy",
          "sortOurs": null,
          "sortable": false,
          "theirs": null,
          "whereOps": Array [],
          "whereOurs": null,
        },
      ],
      "filterable": false,
      "sortable": false,
      "typename": "Query",
    },
    Object {
      "container": "Relations",
      "cosmos": true,
      "database": "Test",
      "external": false,
      "fields": Array [
        Object {
          "container": null,
          "cosmos": false,
          "database": null,
          "fieldname": "id",
          "ours": null,
          "pagination": false,
          "returnMany": false,
          "returnTypename": "ID",
          "sortOurs": null,
          "sortable": false,
          "theirs": null,
          "whereOps": Array [],
          "whereOurs": null,
        },
        Object {
          "container": null,
          "cosmos": false,
          "database": null,
          "fieldname": "text",
          "ours": null,
          "pagination": false,
          "returnMany": false,
          "returnTypename": "String",
          "sortOurs": null,
          "sortable": false,
          "theirs": null,
          "whereOps": Array [],
          "whereOurs": null,
        },
      ],
      "filterable": false,
      "sortable": false,
      "typename": "Related",
    },
  ],
}
`;

exports[`Data Loader expects schema to remain the same 1`] = `
"schema {
  query: Query
}

type Query {
  dummies(where: DummyWhere, cursor: String, limit: Int): DummyPage!
}

type Dummy {
  id: ID!
  related: Related
}

type Related {
  id: ID!
  text: String
}

type DummyPage {
  total: Int!
  cursor: String
  nextCursor: String
  page: [Dummy]!
}

input DummyWhere {
  and: [DummyWhere!]
  or: [DummyWhere!]
  id_eq: ID
  id_in: [ID]
}
"
`;
