// Jest Snapshot v1, https://goo.gl/fbAQLP

exports[`@cosmos should be retrieve all items 1`] = `
Object {
  "types": Array [
    Object {
      "container": null,
      "database": null,
      "fields": Array [
        Object {
          "container": "Dummies",
          "database": "Test",
          "fieldname": "dummies",
          "kind": "many-root",
          "ours": null,
          "pagination": true,
          "returnMany": true,
          "returnTypename": "Dummy",
          "sortOurs": null,
          "sortable": false,
          "theirs": null,
          "whereOps": Array [],
          "whereOurs": null,
        },
      ],
      "typename": "Query",
    },
    Object {
      "container": null,
      "database": null,
      "fields": Array [
        Object {
          "container": null,
          "database": null,
          "fieldname": "id",
          "kind": "embedded",
          "ours": null,
          "pagination": false,
          "returnMany": false,
          "returnTypename": "ID",
          "sortOurs": null,
          "sortable": false,
          "theirs": null,
          "whereOps": Array [
            "eq",
            "in",
          ],
          "whereOurs": null,
        },
        Object {
          "container": null,
          "database": null,
          "fieldname": "text",
          "kind": "embedded",
          "ours": null,
          "pagination": false,
          "returnMany": false,
          "returnTypename": "String",
          "sortOurs": null,
          "sortable": false,
          "theirs": null,
          "whereOps": Array [],
          "whereOurs": null,
        },
      ],
      "typename": "Dummy",
    },
  ],
}
`;
